.next/dev/types/validator.ts(131,31): error TS2344: Type 'typeof import("C:/Users/CSI/Pro/authsys/src/pages/api/classes/activityclass")' does not satisfy the constraint 'ApiRouteConfig'.
  Types of property 'default' are incompatible.
    Type 'typeof ActivityClass' is not assignable to type '(req: any, res: any) => unknown'.
      Type 'typeof ActivityClass' provides no match for the signature '(req: any, res: any): unknown'.
.next/dev/types/validator.ts(140,31): error TS2344: Type 'typeof import("C:/Users/CSI/Pro/authsys/src/pages/api/classes/areaofoperationclass")' does not satisfy the constraint 'ApiRouteConfig'.
  Types of property 'default' are incompatible.
    Type 'typeof AreaOfOperationClass' is not assignable to type '(req: any, res: any) => unknown'.
      Type 'typeof AreaOfOperationClass' provides no match for the signature '(req: any, res: any): unknown'.
.next/dev/types/validator.ts(149,31): error TS2344: Type 'typeof import("C:/Users/CSI/Pro/authsys/src/pages/api/classes/branchclass")' does not satisfy the constraint 'ApiRouteConfig'.
  Types of property 'default' are incompatible.
    Type 'typeof BranchClass' is not assignable to type '(req: any, res: any) => unknown'.
      Type 'typeof BranchClass' provides no match for the signature '(req: any, res: any): unknown'.
.next/dev/types/validator.ts(158,31): error TS2344: Type 'typeof import("C:/Users/CSI/Pro/authsys/src/pages/api/classes/businessclass")' does not satisfy the constraint 'ApiRouteConfig'.
  Types of property 'default' are incompatible.
    Type 'typeof BusinessClass' is not assignable to type '(req: any, res: any) => unknown'.
      Type 'typeof BusinessClass' provides no match for the signature '(req: any, res: any): unknown'.
.next/dev/types/validator.ts(167,31): error TS2344: Type 'typeof import("C:/Users/CSI/Pro/authsys/src/pages/api/classes/commentclass")' does not satisfy the constraint 'ApiRouteConfig'.
  Types of property 'default' are incompatible.
    Type 'typeof CommentClass' is not assignable to type '(req: any, res: any) => unknown'.
      Type 'typeof CommentClass' provides no match for the signature '(req: any, res: any): unknown'.
.next/dev/types/validator.ts(176,31): error TS2344: Type 'typeof import("C:/Users/CSI/Pro/authsys/src/pages/api/classes/leadclass")' does not satisfy the constraint 'ApiRouteConfig'.
  Types of property 'default' are incompatible.
    Type 'typeof LeadClass' is not assignable to type '(req: any, res: any) => unknown'.
      Type 'typeof LeadClass' provides no match for the signature '(req: any, res: any): unknown'.
.next/dev/types/validator.ts(185,31): error TS2344: Type 'typeof import("C:/Users/CSI/Pro/authsys/src/pages/api/classes/leadstagesclass")' does not satisfy the constraint 'ApiRouteConfig'.
  Types of property 'default' are incompatible.
    Type 'typeof LeadStagesClass' is not assignable to type '(req: any, res: any) => unknown'.
      Type 'typeof LeadStagesClass' provides no match for the signature '(req: any, res: any): unknown'.
.next/dev/types/validator.ts(194,31): error TS2344: Type 'typeof import("C:/Users/CSI/Pro/authsys/src/pages/api/classes/roleclass")' does not satisfy the constraint 'ApiRouteConfig'.
  Types of property 'default' are incompatible.
    Type 'typeof RoleClass' is not assignable to type '(req: any, res: any) => unknown'.
      Type 'typeof RoleClass' provides no match for the signature '(req: any, res: any): unknown'.
.next/dev/types/validator.ts(203,31): error TS2344: Type 'typeof import("C:/Users/CSI/Pro/authsys/src/pages/api/classes/userclass")' does not satisfy the constraint 'ApiRouteConfig'.
  Types of property 'default' are incompatible.
    Type 'typeof Userclass' is not assignable to type '(req: any, res: any) => unknown'.
      Type 'typeof Userclass' provides no match for the signature '(req: any, res: any): unknown'.
src/pages/api/cron/refresh-tokens.ts(35,56): error TS2339: Property 'refresh_token_encrypted' does not exist on type '{ id: number; created_at: Date; updated_at: Date; business_id: number; provider: string; integration_id: number; iv: string; access_token: string; refresh_token: string | null; token_type: string; expires_at: Date | null; scopes: string | null; }'.
src/pages/api/cron/refresh-tokens.ts(37,44): error TS2339: Property 'refresh_token_encrypted' does not exist on type '{ id: number; created_at: Date; updated_at: Date; business_id: number; provider: string; integration_id: number; iv: string; access_token: string; refresh_token: string | null; token_type: string; expires_at: Date | null; scopes: string | null; }'.
src/pages/api/cron/refresh-tokens.ts(52,29): error TS2339: Property 'encrypted' does not exist on type '{ ciphertext: string; iv: string; }'.
src/pages/api/cron/refresh-tokens.ts(57,25): error TS2353: Object literal may only specify known properties, and 'access_token_encrypted' does not exist in type '(Without<IntegrationTokenUpdateInput, IntegrationTokenUncheckedUpdateInput> & IntegrationTokenUncheckedUpdateInput) | (Without<...> & IntegrationTokenUpdateInput)'.
src/pages/api/cron/refresh-tokens.ts(78,25): error TS2353: Object literal may only specify known properties, and 'type' does not exist in type '(Without<NotificationCreateInput, NotificationUncheckedCreateInput> & NotificationUncheckedCreateInput) | (Without<...> & NotificationCreateInput)'.
src/pages/api/integrations/mock-connect.ts(29,17): error TS2353: Object literal may only specify known properties, and 'access_token' does not exist in type '(Without<IntegrationUpdateInput, IntegrationUncheckedUpdateInput> & IntegrationUncheckedUpdateInput) | (Without<...> & IntegrationUpdateInput)'.
src/pages/api/integrations/mock-connect.ts(39,17): error TS2353: Object literal may only specify known properties, and 'access_token' does not exist in type '(Without<IntegrationCreateInput, IntegrationUncheckedCreateInput> & IntegrationUncheckedCreateInput) | (Without<...> & IntegrationCreateInput)'.
